Nat.add: "nat -> nat -> nat" (Prod((binder_name(Name(Id n)))(binder_relevance Relevant))(Ind(((MutInd(KerName(MPfile(DirPath((Id Datatypes)(Id Init)(Id Coq))))(Id nat))())0)(Instance())))(Prod((binder_name(Name(Id m)))(binder_relevance Relevant))(Ind(((MutInd(KerName(MPfile(DirPath((Id Datatypes)(Id Init)(Id Coq))))(Id nat))())0)(Instance())))(Ind(((MutInd(KerName(MPfile(DirPath((Id Datatypes)(Id Init)(Id Coq))))(Id nat))())0)(Instance()))))) ((v(GProd Anonymous Explicit((v(GRef(IndRef((MutInd(KerName(MPfile(DirPath((Id Datatypes)(Id Init)(Id Coq))))(Id nat))())0))()))(loc()))((v(GProd Anonymous Explicit((v(GRef(IndRef((MutInd(KerName(MPfile(DirPath((Id Datatypes)(Id Init)(Id Coq))))(Id nat))())0))()))(loc()))((v(GRef(IndRef((MutInd(KerName(MPfile(DirPath((Id Datatypes)(Id Init)(Id Coq))))(Id nat))())0))()))(loc()))))(loc()))))(loc()))
Nat.mul: "nat -> nat -> nat" (Prod((binder_name(Name(Id n)))(binder_relevance Relevant))(Ind(((MutInd(KerName(MPfile(DirPath((Id Datatypes)(Id Init)(Id Coq))))(Id nat))())0)(Instance())))(Prod((binder_name(Name(Id m)))(binder_relevance Relevant))(Ind(((MutInd(KerName(MPfile(DirPath((Id Datatypes)(Id Init)(Id Coq))))(Id nat))())0)(Instance())))(Ind(((MutInd(KerName(MPfile(DirPath((Id Datatypes)(Id Init)(Id Coq))))(Id nat))())0)(Instance()))))) ((v(GProd Anonymous Explicit((v(GRef(IndRef((MutInd(KerName(MPfile(DirPath((Id Datatypes)(Id Init)(Id Coq))))(Id nat))())0))()))(loc()))((v(GProd Anonymous Explicit((v(GRef(IndRef((MutInd(KerName(MPfile(DirPath((Id Datatypes)(Id Init)(Id Coq))))(Id nat))())0))()))(loc()))((v(GRef(IndRef((MutInd(KerName(MPfile(DirPath((Id Datatypes)(Id Init)(Id Coq))))(Id nat))())0))()))(loc()))))(loc()))))(loc()))
